// Vitest Snapshot v1, https://vitest.dev/guide/snapshot.html

exports[`eslint-overrides > eslint-overrides 1`] = `
{
  "config": {
    "$schema": "./node_modules/oxlint/configuration_schema.json",
    "categories": {
      "correctness": "off",
    },
    "env": {
      "builtin": true,
    },
    "ignorePatterns": [
      "node_modules/**/*",
    ],
    "overrides": [
      {
        "files": [
          "**/*.ts",
          "**/*.tsx",
        ],
        "rules": {
          "react/react-in-jsx-scope": "error",
        },
      },
    ],
    "plugins": [
      "react",
    ],
    "rules": {},
  },
  "warnings": [],
}
`;
