// Vitest Snapshot v1, https://vitest.dev/guide/snapshot.html

exports[`integration tests with github repositories > nuxt-auth > nuxt-auth 1`] = `
{
  "env": {
    "builtin": true,
    "commonjs": true,
    "es2015": true,
    "es2016": true,
    "es2017": true,
    "es2018": true,
    "es2019": true,
    "es2020": true,
    "es2021": true,
    "es2022": true,
    "es2023": true,
    "es2024": true,
    "es3": true,
    "es5": true,
  },
  "globals": {
    "AI": false,
    "AITextSession": false,
    "AbortController": false,
    "AbortSignal": false,
    "AbsoluteOrientationSensor": false,
    "AbstractRange": false,
    "Accelerometer": false,
    "AnalyserNode": false,
    "Animation": false,
    "AnimationEffect": false,
    "AnimationEvent": false,
    "AnimationPlaybackEvent": false,
    "AnimationTimeline": false,
    "Attr": false,
    "Audio": false,
    "AudioBuffer": false,
    "AudioBufferSourceNode": false,
    "AudioContext": false,
    "AudioData": false,
    "AudioDecoder": false,
    "AudioDestinationNode": false,
    "AudioEncoder": false,
    "AudioListener": false,
    "AudioNode": false,
    "AudioParam": false,
    "AudioParamMap": false,
    "AudioProcessingEvent": false,
    "AudioScheduledSourceNode": false,
    "AudioSinkInfo": false,
    "AudioWorklet": false,
    "AudioWorkletGlobalScope": false,
    "AudioWorkletNode": false,
    "AudioWorkletProcessor": false,
    "AuthenticatorAssertionResponse": false,
    "AuthenticatorAttestationResponse": false,
    "AuthenticatorResponse": false,
    "BackgroundFetchManager": false,
    "BackgroundFetchRecord": false,
    "BackgroundFetchRegistration": false,
    "BarProp": false,
    "BarcodeDetector": false,
    "BaseAudioContext": false,
    "BatteryManager": false,
    "BeforeUnloadEvent": false,
    "BiquadFilterNode": false,
    "Blob": false,
    "BlobEvent": false,
    "Bluetooth": false,
    "BluetoothCharacteristicProperties": false,
    "BluetoothDevice": false,
    "BluetoothRemoteGATTCharacteristic": false,
    "BluetoothRemoteGATTDescriptor": false,
    "BluetoothRemoteGATTServer": false,
    "BluetoothRemoteGATTService": false,
    "BluetoothUUID": false,
    "BroadcastChannel": false,
    "BrowserCaptureMediaStreamTrack": false,
    "Buffer": false,
    "ByteLengthQueuingStrategy": false,
    "CDATASection": false,
    "CSS": false,
    "CSSAnimation": false,
    "CSSConditionRule": false,
    "CSSContainerRule": false,
    "CSSCounterStyleRule": false,
    "CSSFontFaceRule": false,
    "CSSFontFeatureValuesRule": false,
    "CSSFontPaletteValuesRule": false,
    "CSSGroupingRule": false,
    "CSSImageValue": false,
    "CSSImportRule": false,
    "CSSKeyframeRule": false,
    "CSSKeyframesRule": false,
    "CSSKeywordValue": false,
    "CSSLayerBlockRule": false,
    "CSSLayerStatementRule": false,
    "CSSMarginRule": false,
    "CSSMathClamp": false,
    "CSSMathInvert": false,
    "CSSMathMax": false,
    "CSSMathMin": false,
    "CSSMathNegate": false,
    "CSSMathProduct": false,
    "CSSMathSum": false,
    "CSSMathValue": false,
    "CSSMatrixComponent": false,
    "CSSMediaRule": false,
    "CSSNamespaceRule": false,
    "CSSNestedDeclarations": false,
    "CSSNumericArray": false,
    "CSSNumericValue": false,
    "CSSPageDescriptors": false,
    "CSSPageRule": false,
    "CSSPerspective": false,
    "CSSPositionTryDescriptors": false,
    "CSSPositionTryRule": false,
    "CSSPositionValue": false,
    "CSSPropertyRule": false,
    "CSSRotate": false,
    "CSSRule": false,
    "CSSRuleList": false,
    "CSSScale": false,
    "CSSScopeRule": false,
    "CSSSkew": false,
    "CSSSkewX": false,
    "CSSSkewY": false,
    "CSSStartingStyleRule": false,
    "CSSStyleDeclaration": false,
    "CSSStyleRule": false,
    "CSSStyleSheet": false,
    "CSSStyleValue": false,
    "CSSSupportsRule": false,
    "CSSTransformComponent": false,
    "CSSTransformValue": false,
    "CSSTransition": false,
    "CSSTranslate": false,
    "CSSUnitValue": false,
    "CSSUnparsedValue": false,
    "CSSVariableReferenceValue": false,
    "CSSViewTransitionRule": false,
    "Cache": false,
    "CacheStorage": false,
    "CanvasCaptureMediaStream": false,
    "CanvasCaptureMediaStreamTrack": false,
    "CanvasGradient": false,
    "CanvasPattern": false,
    "CanvasRenderingContext2D": false,
    "CaptureController": false,
    "CaretPosition": false,
    "ChannelMergerNode": false,
    "ChannelSplitterNode": false,
    "ChapterInformation": false,
    "CharacterBoundsUpdateEvent": false,
    "CharacterData": false,
    "Clipboard": false,
    "ClipboardEvent": false,
    "ClipboardItem": false,
    "CloseEvent": false,
    "CloseWatcher": false,
    "Comment": false,
    "CompositionEvent": false,
    "CompressionStream": false,
    "ConstantSourceNode": false,
    "ContentVisibilityAutoStateChangeEvent": false,
    "ConvolverNode": false,
    "CookieChangeEvent": false,
    "CookieDeprecationLabel": false,
    "CookieStore": false,
    "CookieStoreManager": false,
    "CountQueuingStrategy": false,
    "Credential": false,
    "CredentialsContainer": false,
    "CropTarget": false,
    "Crypto": false,
    "CryptoKey": false,
    "CustomElementRegistry": false,
    "CustomEvent": false,
    "CustomStateSet": false,
    "DOMError": false,
    "DOMException": false,
    "DOMImplementation": false,
    "DOMMatrix": false,
    "DOMMatrixReadOnly": false,
    "DOMParser": false,
    "DOMPoint": false,
    "DOMPointReadOnly": false,
    "DOMQuad": false,
    "DOMRect": false,
    "DOMRectList": false,
    "DOMRectReadOnly": false,
    "DOMStringList": false,
    "DOMStringMap": false,
    "DOMTokenList": false,
    "DataTransfer": false,
    "DataTransferItem": false,
    "DataTransferItemList": false,
    "DecompressionStream": false,
    "DelayNode": false,
    "DelegatedInkTrailPresenter": false,
    "DeviceMotionEvent": false,
    "DeviceMotionEventAcceleration": false,
    "DeviceMotionEventRotationRate": false,
    "DeviceOrientationEvent": false,
    "Document": false,
    "DocumentFragment": false,
    "DocumentPictureInPicture": false,
    "DocumentPictureInPictureEvent": false,
    "DocumentTimeline": false,
    "DocumentType": false,
    "DragEvent": false,
    "DynamicsCompressorNode": false,
    "EditContext": false,
    "Element": false,
    "ElementInternals": false,
    "EncodedAudioChunk": false,
    "EncodedVideoChunk": false,
    "ErrorEvent": false,
    "Event": false,
    "EventCounts": false,
    "EventSource": false,
    "EventTarget": false,
    "External": false,
    "EyeDropper": false,
    "FeaturePolicy": false,
    "FederatedCredential": false,
    "Fence": false,
    "FencedFrameConfig": false,
    "FetchLaterResult": false,
    "File": false,
    "FileList": false,
    "FileReader": false,
    "FileSystem": false,
    "FileSystemDirectoryEntry": false,
    "FileSystemDirectoryHandle": false,
    "FileSystemDirectoryReader": false,
    "FileSystemEntry": false,
    "FileSystemFileEntry": false,
    "FileSystemFileHandle": false,
    "FileSystemHandle": false,
    "FileSystemWritableFileStream": false,
    "Float16Array": false,
    "FocusEvent": false,
    "FontData": false,
    "FontFace": false,
    "FontFaceSet": false,
    "FontFaceSetLoadEvent": false,
    "FormData": false,
    "FormDataEvent": false,
    "FragmentDirective": false,
    "GPU": false,
    "GPUAdapter": false,
    "GPUAdapterInfo": false,
    "GPUBindGroup": false,
    "GPUBindGroupLayout": false,
    "GPUBuffer": false,
    "GPUBufferUsage": false,
    "GPUCanvasContext": false,
    "GPUColorWrite": false,
    "GPUCommandBuffer": false,
    "GPUCommandEncoder": false,
    "GPUCompilationInfo": false,
    "GPUCompilationMessage": false,
    "GPUComputePassEncoder": false,
    "GPUComputePipeline": false,
    "GPUDevice": false,
    "GPUDeviceLostInfo": false,
    "GPUError": false,
    "GPUExternalTexture": false,
    "GPUInternalError": false,
    "GPUMapMode": false,
    "GPUOutOfMemoryError": false,
    "GPUPipelineError": false,
    "GPUPipelineLayout": false,
    "GPUQuerySet": false,
    "GPUQueue": false,
    "GPURenderBundle": false,
    "GPURenderBundleEncoder": false,
    "GPURenderPassEncoder": false,
    "GPURenderPipeline": false,
    "GPUSampler": false,
    "GPUShaderModule": false,
    "GPUShaderStage": false,
    "GPUSupportedFeatures": false,
    "GPUSupportedLimits": false,
    "GPUTexture": false,
    "GPUTextureUsage": false,
    "GPUTextureView": false,
    "GPUUncapturedErrorEvent": false,
    "GPUValidationError": false,
    "GainNode": false,
    "Gamepad": false,
    "GamepadAxisMoveEvent": false,
    "GamepadButton": false,
    "GamepadButtonEvent": false,
    "GamepadEvent": false,
    "GamepadHapticActuator": false,
    "GamepadPose": false,
    "Geolocation": false,
    "GeolocationCoordinates": false,
    "GeolocationPosition": false,
    "GeolocationPositionError": false,
    "GravitySensor": false,
    "Gyroscope": false,
    "HID": false,
    "HIDConnectionEvent": false,
    "HIDDevice": false,
    "HIDInputReportEvent": false,
    "HTMLAllCollection": false,
    "HTMLAnchorElement": false,
    "HTMLAreaElement": false,
    "HTMLAudioElement": false,
    "HTMLBRElement": false,
    "HTMLBaseElement": false,
    "HTMLBodyElement": false,
    "HTMLButtonElement": false,
    "HTMLCanvasElement": false,
    "HTMLCollection": false,
    "HTMLDListElement": false,
    "HTMLDataElement": false,
    "HTMLDataListElement": false,
    "HTMLDetailsElement": false,
    "HTMLDialogElement": false,
    "HTMLDirectoryElement": false,
    "HTMLDivElement": false,
    "HTMLDocument": false,
    "HTMLElement": false,
    "HTMLEmbedElement": false,
    "HTMLFencedFrameElement": false,
    "HTMLFieldSetElement": false,
    "HTMLFontElement": false,
    "HTMLFormControlsCollection": false,
    "HTMLFormElement": false,
    "HTMLFrameElement": false,
    "HTMLFrameSetElement": false,
    "HTMLHRElement": false,
    "HTMLHeadElement": false,
    "HTMLHeadingElement": false,
    "HTMLHtmlElement": false,
    "HTMLIFrameElement": false,
    "HTMLImageElement": false,
    "HTMLInputElement": false,
    "HTMLLIElement": false,
    "HTMLLabelElement": false,
    "HTMLLegendElement": false,
    "HTMLLinkElement": false,
    "HTMLMapElement": false,
    "HTMLMarqueeElement": false,
    "HTMLMediaElement": false,
    "HTMLMenuElement": false,
    "HTMLMetaElement": false,
    "HTMLMeterElement": false,
    "HTMLModElement": false,
    "HTMLOListElement": false,
    "HTMLObjectElement": false,
    "HTMLOptGroupElement": false,
    "HTMLOptionElement": false,
    "HTMLOptionsCollection": false,
    "HTMLOutputElement": false,
    "HTMLParagraphElement": false,
    "HTMLParamElement": false,
    "HTMLPictureElement": false,
    "HTMLPreElement": false,
    "HTMLProgressElement": false,
    "HTMLQuoteElement": false,
    "HTMLScriptElement": false,
    "HTMLSelectElement": false,
    "HTMLSlotElement": false,
    "HTMLSourceElement": false,
    "HTMLSpanElement": false,
    "HTMLStyleElement": false,
    "HTMLTableCaptionElement": false,
    "HTMLTableCellElement": false,
    "HTMLTableColElement": false,
    "HTMLTableElement": false,
    "HTMLTableRowElement": false,
    "HTMLTableSectionElement": false,
    "HTMLTemplateElement": false,
    "HTMLTextAreaElement": false,
    "HTMLTimeElement": false,
    "HTMLTitleElement": false,
    "HTMLTrackElement": false,
    "HTMLUListElement": false,
    "HTMLUnknownElement": false,
    "HTMLVideoElement": false,
    "HashChangeEvent": false,
    "Headers": false,
    "Highlight": false,
    "HighlightRegistry": false,
    "History": false,
    "IDBCursor": false,
    "IDBCursorWithValue": false,
    "IDBDatabase": false,
    "IDBFactory": false,
    "IDBIndex": false,
    "IDBKeyRange": false,
    "IDBObjectStore": false,
    "IDBOpenDBRequest": false,
    "IDBRequest": false,
    "IDBTransaction": false,
    "IDBVersionChangeEvent": false,
    "IIRFilterNode": false,
    "IdentityCredential": false,
    "IdentityCredentialError": false,
    "IdentityProvider": false,
    "IdleDeadline": false,
    "IdleDetector": false,
    "Image": false,
    "ImageBitmap": false,
    "ImageBitmapRenderingContext": false,
    "ImageCapture": false,
    "ImageData": false,
    "ImageDecoder": false,
    "ImageTrack": false,
    "ImageTrackList": false,
    "Ink": false,
    "InputDeviceCapabilities": false,
    "InputDeviceInfo": false,
    "InputEvent": false,
    "IntersectionObserver": false,
    "IntersectionObserverEntry": false,
    "Keyboard": false,
    "KeyboardEvent": false,
    "KeyboardLayoutMap": false,
    "KeyframeEffect": false,
    "LargestContentfulPaint": false,
    "LaunchParams": false,
    "LaunchQueue": false,
    "LayoutShift": false,
    "LayoutShiftAttribution": false,
    "LinearAccelerationSensor": false,
    "Location": false,
    "Lock": false,
    "LockManager": false,
    "MIDIAccess": false,
    "MIDIConnectionEvent": false,
    "MIDIInput": false,
    "MIDIInputMap": false,
    "MIDIMessageEvent": false,
    "MIDIOutput": false,
    "MIDIOutputMap": false,
    "MIDIPort": false,
    "MathMLElement": false,
    "MediaCapabilities": false,
    "MediaCapabilitiesInfo": false,
    "MediaDeviceInfo": false,
    "MediaDevices": false,
    "MediaElementAudioSourceNode": false,
    "MediaEncryptedEvent": false,
    "MediaError": false,
    "MediaKeyError": false,
    "MediaKeyMessageEvent": false,
    "MediaKeySession": false,
    "MediaKeyStatusMap": false,
    "MediaKeySystemAccess": false,
    "MediaKeys": false,
    "MediaList": false,
    "MediaMetadata": false,
    "MediaQueryList": false,
    "MediaQueryListEvent": false,
    "MediaRecorder": false,
    "MediaRecorderErrorEvent": false,
    "MediaSession": false,
    "MediaSource": false,
    "MediaSourceHandle": false,
    "MediaStream": false,
    "MediaStreamAudioDestinationNode": false,
    "MediaStreamAudioSourceNode": false,
    "MediaStreamEvent": false,
    "MediaStreamTrack": false,
    "MediaStreamTrackAudioSourceNode": false,
    "MediaStreamTrackAudioStats": false,
    "MediaStreamTrackEvent": false,
    "MediaStreamTrackGenerator": false,
    "MediaStreamTrackProcessor": false,
    "MediaStreamTrackVideoStats": false,
    "MessageChannel": false,
    "MessageEvent": false,
    "MessagePort": false,
    "MimeType": false,
    "MimeTypeArray": false,
    "ModelGenericSession": false,
    "ModelManager": false,
    "MouseEvent": false,
    "MutationEvent": false,
    "MutationObserver": false,
    "MutationRecord": false,
    "NamedNodeMap": false,
    "NavigateEvent": false,
    "Navigation": false,
    "NavigationActivation": false,
    "NavigationCurrentEntryChangeEvent": false,
    "NavigationDestination": false,
    "NavigationHistoryEntry": false,
    "NavigationPreloadManager": false,
    "NavigationTransition": false,
    "Navigator": false,
    "NavigatorLogin": false,
    "NavigatorManagedData": false,
    "NavigatorUAData": false,
    "NetworkInformation": false,
    "Node": false,
    "NodeFilter": false,
    "NodeIterator": false,
    "NodeList": false,
    "NotRestoredReasonDetails": false,
    "NotRestoredReasons": false,
    "Notification": false,
    "NotifyPaintEvent": false,
    "OTPCredential": false,
    "OfflineAudioCompletionEvent": false,
    "OfflineAudioContext": false,
    "OffscreenCanvas": false,
    "OffscreenCanvasRenderingContext2D": false,
    "Option": false,
    "OrientationSensor": false,
    "OscillatorNode": false,
    "OverconstrainedError": false,
    "PERSISTENT": false,
    "PageRevealEvent": false,
    "PageSwapEvent": false,
    "PageTransitionEvent": false,
    "PannerNode": false,
    "PasswordCredential": false,
    "Path2D": false,
    "PaymentAddress": false,
    "PaymentManager": false,
    "PaymentMethodChangeEvent": false,
    "PaymentRequest": false,
    "PaymentRequestUpdateEvent": false,
    "PaymentResponse": false,
    "Performance": false,
    "PerformanceElementTiming": false,
    "PerformanceEntry": false,
    "PerformanceEventTiming": false,
    "PerformanceLongAnimationFrameTiming": false,
    "PerformanceLongTaskTiming": false,
    "PerformanceMark": false,
    "PerformanceMeasure": false,
    "PerformanceNavigation": false,
    "PerformanceNavigationTiming": false,
    "PerformanceObserver": false,
    "PerformanceObserverEntryList": false,
    "PerformancePaintTiming": false,
    "PerformanceResourceTiming": false,
    "PerformanceScriptTiming": false,
    "PerformanceServerTiming": false,
    "PerformanceTiming": false,
    "PeriodicSyncManager": false,
    "PeriodicWave": false,
    "PermissionStatus": false,
    "Permissions": false,
    "PictureInPictureEvent": false,
    "PictureInPictureWindow": false,
    "Plugin": false,
    "PluginArray": false,
    "PointerEvent": false,
    "PopStateEvent": false,
    "Presentation": false,
    "PresentationAvailability": false,
    "PresentationConnection": false,
    "PresentationConnectionAvailableEvent": false,
    "PresentationConnectionCloseEvent": false,
    "PresentationConnectionList": false,
    "PresentationReceiver": false,
    "PresentationRequest": false,
    "PressureObserver": false,
    "PressureRecord": false,
    "ProcessingInstruction": false,
    "Profiler": false,
    "ProgressEvent": false,
    "PromiseRejectionEvent": false,
    "ProtectedAudience": false,
    "PublicKeyCredential": false,
    "PushManager": false,
    "PushSubscription": false,
    "PushSubscriptionOptions": false,
    "RTCCertificate": false,
    "RTCDTMFSender": false,
    "RTCDTMFToneChangeEvent": false,
    "RTCDataChannel": false,
    "RTCDataChannelEvent": false,
    "RTCDtlsTransport": false,
    "RTCEncodedAudioFrame": false,
    "RTCEncodedVideoFrame": false,
    "RTCError": false,
    "RTCErrorEvent": false,
    "RTCIceCandidate": false,
    "RTCIceTransport": false,
    "RTCPeerConnection": false,
    "RTCPeerConnectionIceErrorEvent": false,
    "RTCPeerConnectionIceEvent": false,
    "RTCRtpReceiver": false,
    "RTCRtpScriptTransform": false,
    "RTCRtpSender": false,
    "RTCRtpTransceiver": false,
    "RTCSctpTransport": false,
    "RTCSessionDescription": false,
    "RTCStatsReport": false,
    "RTCTrackEvent": false,
    "RadioNodeList": false,
    "Range": false,
    "ReadableByteStreamController": false,
    "ReadableStream": false,
    "ReadableStreamBYOBReader": false,
    "ReadableStreamBYOBRequest": false,
    "ReadableStreamDefaultController": false,
    "ReadableStreamDefaultReader": false,
    "RelativeOrientationSensor": false,
    "RemotePlayback": false,
    "ReportingObserver": false,
    "Request": false,
    "ResizeObserver": false,
    "ResizeObserverEntry": false,
    "ResizeObserverSize": false,
    "Response": false,
    "SVGAElement": false,
    "SVGAngle": false,
    "SVGAnimateElement": false,
    "SVGAnimateMotionElement": false,
    "SVGAnimateTransformElement": false,
    "SVGAnimatedAngle": false,
    "SVGAnimatedBoolean": false,
    "SVGAnimatedEnumeration": false,
    "SVGAnimatedInteger": false,
    "SVGAnimatedLength": false,
    "SVGAnimatedLengthList": false,
    "SVGAnimatedNumber": false,
    "SVGAnimatedNumberList": false,
    "SVGAnimatedPreserveAspectRatio": false,
    "SVGAnimatedRect": false,
    "SVGAnimatedString": false,
    "SVGAnimatedTransformList": false,
    "SVGAnimationElement": false,
    "SVGCircleElement": false,
    "SVGClipPathElement": false,
    "SVGComponentTransferFunctionElement": false,
    "SVGDefsElement": false,
    "SVGDescElement": false,
    "SVGElement": false,
    "SVGEllipseElement": false,
    "SVGFEBlendElement": false,
    "SVGFEColorMatrixElement": false,
    "SVGFEComponentTransferElement": false,
    "SVGFECompositeElement": false,
    "SVGFEConvolveMatrixElement": false,
    "SVGFEDiffuseLightingElement": false,
    "SVGFEDisplacementMapElement": false,
    "SVGFEDistantLightElement": false,
    "SVGFEDropShadowElement": false,
    "SVGFEFloodElement": false,
    "SVGFEFuncAElement": false,
    "SVGFEFuncBElement": false,
    "SVGFEFuncGElement": false,
    "SVGFEFuncRElement": false,
    "SVGFEGaussianBlurElement": false,
    "SVGFEImageElement": false,
    "SVGFEMergeElement": false,
    "SVGFEMergeNodeElement": false,
    "SVGFEMorphologyElement": false,
    "SVGFEOffsetElement": false,
    "SVGFEPointLightElement": false,
    "SVGFESpecularLightingElement": false,
    "SVGFESpotLightElement": false,
    "SVGFETileElement": false,
    "SVGFETurbulenceElement": false,
    "SVGFilterElement": false,
    "SVGForeignObjectElement": false,
    "SVGGElement": false,
    "SVGGeometryElement": false,
    "SVGGradientElement": false,
    "SVGGraphicsElement": false,
    "SVGImageElement": false,
    "SVGLength": false,
    "SVGLengthList": false,
    "SVGLineElement": false,
    "SVGLinearGradientElement": false,
    "SVGMPathElement": false,
    "SVGMarkerElement": false,
    "SVGMaskElement": false,
    "SVGMatrix": false,
    "SVGMetadataElement": false,
    "SVGNumber": false,
    "SVGNumberList": false,
    "SVGPathElement": false,
    "SVGPatternElement": false,
    "SVGPoint": false,
    "SVGPointList": false,
    "SVGPolygonElement": false,
    "SVGPolylineElement": false,
    "SVGPreserveAspectRatio": false,
    "SVGRadialGradientElement": false,
    "SVGRect": false,
    "SVGRectElement": false,
    "SVGSVGElement": false,
    "SVGScriptElement": false,
    "SVGSetElement": false,
    "SVGStopElement": false,
    "SVGStringList": false,
    "SVGStyleElement": false,
    "SVGSwitchElement": false,
    "SVGSymbolElement": false,
    "SVGTSpanElement": false,
    "SVGTextContentElement": false,
    "SVGTextElement": false,
    "SVGTextPathElement": false,
    "SVGTextPositioningElement": false,
    "SVGTitleElement": false,
    "SVGTransform": false,
    "SVGTransformList": false,
    "SVGUnitTypes": false,
    "SVGUseElement": false,
    "SVGViewElement": false,
    "Scheduler": false,
    "Scheduling": false,
    "Screen": false,
    "ScreenDetailed": false,
    "ScreenDetails": false,
    "ScreenOrientation": false,
    "ScriptProcessorNode": false,
    "ScrollTimeline": false,
    "SecurityPolicyViolationEvent": false,
    "Selection": false,
    "Sensor": false,
    "SensorErrorEvent": false,
    "Serial": false,
    "SerialPort": false,
    "ServiceWorker": false,
    "ServiceWorkerContainer": false,
    "ServiceWorkerRegistration": false,
    "ShadowRoot": false,
    "SharedStorage": false,
    "SharedStorageWorklet": false,
    "SharedWorker": false,
    "SnapEvent": false,
    "SourceBuffer": false,
    "SourceBufferList": false,
    "SpeechSynthesis": false,
    "SpeechSynthesisErrorEvent": false,
    "SpeechSynthesisEvent": false,
    "SpeechSynthesisUtterance": false,
    "SpeechSynthesisVoice": false,
    "StaticRange": false,
    "StereoPannerNode": false,
    "Storage": false,
    "StorageBucket": false,
    "StorageBucketManager": false,
    "StorageEvent": false,
    "StorageManager": false,
    "StylePropertyMap": false,
    "StylePropertyMapReadOnly": false,
    "StyleSheet": false,
    "StyleSheetList": false,
    "SubmitEvent": false,
    "SubtleCrypto": false,
    "SyncManager": false,
    "TEMPORARY": false,
    "TaskAttributionTiming": false,
    "TaskController": false,
    "TaskPriorityChangeEvent": false,
    "TaskSignal": false,
    "Text": false,
    "TextDecoder": false,
    "TextDecoderStream": false,
    "TextEncoder": false,
    "TextEncoderStream": false,
    "TextEvent": false,
    "TextFormat": false,
    "TextFormatUpdateEvent": false,
    "TextMetrics": false,
    "TextTrack": false,
    "TextTrackCue": false,
    "TextTrackCueList": false,
    "TextTrackList": false,
    "TextUpdateEvent": false,
    "TimeEvent": false,
    "TimeRanges": false,
    "ToggleEvent": false,
    "Touch": false,
    "TouchEvent": false,
    "TouchList": false,
    "TrackEvent": false,
    "TransformStream": false,
    "TransformStreamDefaultController": false,
    "TransitionEvent": false,
    "TreeWalker": false,
    "TrustedHTML": false,
    "TrustedScript": false,
    "TrustedScriptURL": false,
    "TrustedTypePolicy": false,
    "TrustedTypePolicyFactory": false,
    "UIEvent": false,
    "URL": false,
    "URLPattern": false,
    "URLSearchParams": false,
    "USB": false,
    "USBAlternateInterface": false,
    "USBConfiguration": false,
    "USBConnectionEvent": false,
    "USBDevice": false,
    "USBEndpoint": false,
    "USBInTransferResult": false,
    "USBInterface": false,
    "USBIsochronousInTransferPacket": false,
    "USBIsochronousInTransferResult": false,
    "USBIsochronousOutTransferPacket": false,
    "USBIsochronousOutTransferResult": false,
    "USBOutTransferResult": false,
    "UserActivation": false,
    "VTTCue": false,
    "VTTRegion": false,
    "ValidityState": false,
    "VideoColorSpace": false,
    "VideoDecoder": false,
    "VideoEncoder": false,
    "VideoFrame": false,
    "VideoPlaybackQuality": false,
    "ViewTimeline": false,
    "ViewTransition": false,
    "ViewTransitionTypeSet": false,
    "VirtualKeyboard": false,
    "VirtualKeyboardGeometryChangeEvent": false,
    "VisibilityStateEntry": false,
    "VisualViewport": false,
    "WGSLLanguageFeatures": false,
    "WakeLock": false,
    "WakeLockSentinel": false,
    "WaveShaperNode": false,
    "WebAssembly": false,
    "WebGL2RenderingContext": false,
    "WebGLActiveInfo": false,
    "WebGLBuffer": false,
    "WebGLContextEvent": false,
    "WebGLFramebuffer": false,
    "WebGLObject": false,
    "WebGLProgram": false,
    "WebGLQuery": false,
    "WebGLRenderbuffer": false,
    "WebGLRenderingContext": false,
    "WebGLSampler": false,
    "WebGLShader": false,
    "WebGLShaderPrecisionFormat": false,
    "WebGLSync": false,
    "WebGLTexture": false,
    "WebGLTransformFeedback": false,
    "WebGLUniformLocation": false,
    "WebGLVertexArrayObject": false,
    "WebSocket": false,
    "WebSocketError": false,
    "WebSocketStream": false,
    "WebTransport": false,
    "WebTransportBidirectionalStream": false,
    "WebTransportDatagramDuplexStream": false,
    "WebTransportError": false,
    "WebTransportReceiveStream": false,
    "WebTransportSendStream": false,
    "WheelEvent": false,
    "Window": false,
    "WindowControlsOverlay": false,
    "WindowControlsOverlayGeometryChangeEvent": false,
    "Worker": false,
    "Worklet": false,
    "WorkletGlobalScope": false,
    "WritableStream": false,
    "WritableStreamDefaultController": false,
    "WritableStreamDefaultWriter": false,
    "XMLDocument": false,
    "XMLHttpRequest": false,
    "XMLHttpRequestEventTarget": false,
    "XMLHttpRequestUpload": false,
    "XMLSerializer": false,
    "XPathEvaluator": false,
    "XPathExpression": false,
    "XPathResult": false,
    "XRAnchor": false,
    "XRAnchorSet": false,
    "XRBoundedReferenceSpace": false,
    "XRCPUDepthInformation": false,
    "XRCamera": false,
    "XRDOMOverlayState": false,
    "XRDepthInformation": false,
    "XRFrame": false,
    "XRHand": false,
    "XRHitTestResult": false,
    "XRHitTestSource": false,
    "XRInputSource": false,
    "XRInputSourceArray": false,
    "XRInputSourceEvent": false,
    "XRInputSourcesChangeEvent": false,
    "XRJointPose": false,
    "XRJointSpace": false,
    "XRLayer": false,
    "XRLightEstimate": false,
    "XRLightProbe": false,
    "XRPose": false,
    "XRRay": false,
    "XRReferenceSpace": false,
    "XRReferenceSpaceEvent": false,
    "XRRenderState": false,
    "XRRigidTransform": false,
    "XRSession": false,
    "XRSessionEvent": false,
    "XRSpace": false,
    "XRSystem": false,
    "XRTransientInputHitTestResult": false,
    "XRTransientInputHitTestSource": false,
    "XRView": false,
    "XRViewerPose": false,
    "XRViewport": false,
    "XRWebGLBinding": false,
    "XRWebGLDepthInformation": false,
    "XRWebGLLayer": false,
    "XSLTProcessor": false,
    "__dirname": false,
    "__filename": false,
    "addEventListener": false,
    "ai": false,
    "alert": false,
    "atob": false,
    "blur": false,
    "btoa": false,
    "caches": false,
    "cancelAnimationFrame": false,
    "cancelIdleCallback": false,
    "clearImmediate": false,
    "clearInterval": false,
    "clearTimeout": false,
    "clientInformation": false,
    "close": false,
    "closed": false,
    "computed": "readonly",
    "confirm": false,
    "console": false,
    "cookieStore": false,
    "createImageBitmap": false,
    "credentialless": false,
    "crossOriginIsolated": false,
    "crypto": false,
    "currentFrame": false,
    "currentTime": false,
    "customElements": false,
    "defineEmits": "readonly",
    "defineExpose": "readonly",
    "defineProps": "readonly",
    "devicePixelRatio": false,
    "dispatchEvent": false,
    "document": "readonly",
    "documentPictureInPicture": false,
    "event": false,
    "external": false,
    "fence": false,
    "fetch": false,
    "fetchLater": false,
    "find": false,
    "focus": false,
    "frameElement": false,
    "frames": false,
    "getComputedStyle": false,
    "getScreenDetails": false,
    "getSelection": false,
    "history": false,
    "indexedDB": false,
    "innerHeight": false,
    "innerWidth": false,
    "isSecureContext": false,
    "launchQueue": false,
    "length": false,
    "localStorage": false,
    "location": true,
    "locationbar": false,
    "matchMedia": false,
    "menubar": false,
    "model": false,
    "moveBy": false,
    "moveTo": false,
    "name": false,
    "navigation": false,
    "navigator": "readonly",
    "offscreenBuffering": false,
    "onMounted": "readonly",
    "onUnmounted": "readonly",
    "onabort": true,
    "onafterprint": true,
    "onanimationcancel": true,
    "onanimationend": true,
    "onanimationiteration": true,
    "onanimationstart": true,
    "onappinstalled": true,
    "onauxclick": true,
    "onbeforeinput": true,
    "onbeforeinstallprompt": true,
    "onbeforematch": true,
    "onbeforeprint": true,
    "onbeforetoggle": true,
    "onbeforeunload": true,
    "onbeforexrselect": true,
    "onblur": true,
    "oncancel": true,
    "oncanplay": true,
    "oncanplaythrough": true,
    "onchange": true,
    "onclick": true,
    "onclose": true,
    "oncontentvisibilityautostatechange": true,
    "oncontextlost": true,
    "oncontextmenu": true,
    "oncontextrestored": true,
    "oncopy": true,
    "oncuechange": true,
    "oncut": true,
    "ondblclick": true,
    "ondevicemotion": true,
    "ondeviceorientation": true,
    "ondeviceorientationabsolute": true,
    "ondrag": true,
    "ondragend": true,
    "ondragenter": true,
    "ondragleave": true,
    "ondragover": true,
    "ondragstart": true,
    "ondrop": true,
    "ondurationchange": true,
    "onemptied": true,
    "onended": true,
    "onerror": true,
    "onfocus": true,
    "onformdata": true,
    "ongamepadconnected": true,
    "ongamepaddisconnected": true,
    "ongotpointercapture": true,
    "onhashchange": true,
    "oninput": true,
    "oninvalid": true,
    "onkeydown": true,
    "onkeypress": true,
    "onkeyup": true,
    "onlanguagechange": true,
    "onload": true,
    "onloadeddata": true,
    "onloadedmetadata": true,
    "onloadstart": true,
    "onlostpointercapture": true,
    "onmessage": true,
    "onmessageerror": true,
    "onmousedown": true,
    "onmouseenter": true,
    "onmouseleave": true,
    "onmousemove": true,
    "onmouseout": true,
    "onmouseover": true,
    "onmouseup": true,
    "onmousewheel": true,
    "onoffline": true,
    "ononline": true,
    "onpagehide": true,
    "onpagereveal": true,
    "onpageshow": true,
    "onpageswap": true,
    "onpaste": true,
    "onpause": true,
    "onplay": true,
    "onplaying": true,
    "onpointercancel": true,
    "onpointerdown": true,
    "onpointerenter": true,
    "onpointerleave": true,
    "onpointermove": true,
    "onpointerout": true,
    "onpointerover": true,
    "onpointerrawupdate": true,
    "onpointerup": true,
    "onpopstate": true,
    "onprogress": true,
    "onratechange": true,
    "onrejectionhandled": true,
    "onreset": true,
    "onresize": true,
    "onscroll": true,
    "onscrollend": true,
    "onscrollsnapchange": true,
    "onscrollsnapchanging": true,
    "onsearch": true,
    "onsecuritypolicyviolation": true,
    "onseeked": true,
    "onseeking": true,
    "onselect": true,
    "onselectionchange": true,
    "onselectstart": true,
    "onslotchange": true,
    "onstalled": true,
    "onstorage": true,
    "onsubmit": true,
    "onsuspend": true,
    "ontimeupdate": true,
    "ontoggle": true,
    "ontransitioncancel": true,
    "ontransitionend": true,
    "ontransitionrun": true,
    "ontransitionstart": true,
    "onunhandledrejection": true,
    "onunload": true,
    "onvolumechange": true,
    "onwaiting": true,
    "onwheel": true,
    "open": false,
    "opener": false,
    "origin": false,
    "originAgentCluster": false,
    "outerHeight": false,
    "outerWidth": false,
    "pageXOffset": false,
    "pageYOffset": false,
    "parent": false,
    "performance": false,
    "personalbar": false,
    "postMessage": false,
    "print": false,
    "process": false,
    "prompt": false,
    "queryLocalFonts": false,
    "queueMicrotask": false,
    "reactive": "readonly",
    "ref": "readonly",
    "registerProcessor": false,
    "removeEventListener": false,
    "reportError": false,
    "requestAnimationFrame": false,
    "requestIdleCallback": false,
    "resizeBy": false,
    "resizeTo": false,
    "sampleRate": false,
    "scheduler": false,
    "screen": false,
    "screenLeft": false,
    "screenTop": false,
    "screenX": false,
    "screenY": false,
    "scroll": false,
    "scrollBy": false,
    "scrollTo": false,
    "scrollX": false,
    "scrollY": false,
    "scrollbars": false,
    "self": false,
    "sessionStorage": false,
    "setImmediate": false,
    "setInterval": false,
    "setTimeout": false,
    "shallowReactive": "readonly",
    "shallowRef": "readonly",
    "sharedStorage": false,
    "showDirectoryPicker": false,
    "showOpenFilePicker": false,
    "showSaveFilePicker": false,
    "speechSynthesis": false,
    "status": false,
    "statusbar": false,
    "stop": false,
    "structuredClone": false,
    "styleMedia": false,
    "toRef": "readonly",
    "toRefs": "readonly",
    "toolbar": false,
    "top": false,
    "trustedTypes": false,
    "visualViewport": false,
    "watch": "readonly",
    "watchEffect": "readonly",
    "window": "readonly",
  },
  "ignorePatterns": [
    "**/*.md/*.md",
  ],
  "overrides": [
    {
      "files": [
        "**/*.?([cm])jsx",
        "**/*.?([cm])tsx",
      ],
    },
    {
      "files": [
        "**/*.?([cm])ts",
        "**/*.?([cm])tsx",
        "**/*.vue",
      ],
    },
    {
      "files": [
        "**/*.?([cm])ts",
        "**/*.?([cm])tsx",
        "**/*.vue",
      ],
      "rules": {
        "constructor-super": "off",
        "getter-return": "off",
        "no-array-constructor": "off",
        "no-class-assign": "off",
        "no-const-assign": "off",
        "no-dupe-args": "off",
        "no-dupe-class-members": "off",
        "no-dupe-keys": "off",
        "no-func-assign": "off",
        "no-import-assign": "off",
        "no-new-native-nonconstructor": "off",
        "no-new-symbol": "off",
        "no-obj-calls": "off",
        "no-redeclare": "off",
        "no-setter-return": "off",
        "no-this-before-super": "off",
        "no-undef": "off",
        "no-unreachable": "off",
        "no-unsafe-negation": "off",
        "no-unused-expressions": "off",
        "no-unused-vars": "off",
        "no-use-before-define": "off",
        "no-useless-constructor": "off",
        "no-var": "error",
        "prefer-const": "error",
        "prefer-rest-params": "error",
        "prefer-spread": "error",
        "ts/ban-ts-comment": [
          "error",
          {
            "ts-expect-error": "allow-with-description",
          },
        ],
        "ts/consistent-type-definitions": [
          "error",
          "interface",
        ],
        "ts/consistent-type-imports": [
          "error",
          {
            "disallowTypeAnnotations": false,
            "fixStyle": "separate-type-imports",
            "prefer": "type-imports",
          },
        ],
        "ts/method-signature-style": [
          "error",
          "property",
        ],
        "ts/no-array-constructor": "error",
        "ts/no-dupe-class-members": "error",
        "ts/no-duplicate-enum-values": "error",
        "ts/no-dynamic-delete": "off",
        "ts/no-empty-object-type": [
          "error",
          {
            "allowInterfaces": "always",
          },
        ],
        "ts/no-explicit-any": "off",
        "ts/no-extra-non-null-assertion": "error",
        "ts/no-extraneous-class": "off",
        "ts/no-import-type-side-effects": "error",
        "ts/no-invalid-void-type": "off",
        "ts/no-misused-new": "error",
        "ts/no-namespace": "error",
        "ts/no-non-null-asserted-nullish-coalescing": "error",
        "ts/no-non-null-asserted-optional-chain": "error",
        "ts/no-non-null-assertion": "off",
        "ts/no-redeclare": [
          "error",
          {
            "builtinGlobals": false,
          },
        ],
        "ts/no-require-imports": "error",
        "ts/no-this-alias": "error",
        "ts/no-unnecessary-type-constraint": "error",
        "ts/no-unsafe-declaration-merging": "error",
        "ts/no-unsafe-function-type": "error",
        "ts/no-unused-expressions": [
          "error",
          {
            "allowShortCircuit": true,
            "allowTaggedTemplates": true,
            "allowTernary": true,
          },
        ],
        "ts/no-unused-vars": "off",
        "ts/no-use-before-define": [
          "error",
          {
            "classes": false,
            "functions": false,
            "variables": true,
          },
        ],
        "ts/no-useless-constructor": "off",
        "ts/no-wrapper-object-types": "error",
        "ts/prefer-as-const": "error",
        "ts/prefer-literal-enum-member": "error",
        "ts/prefer-namespace-keyword": "error",
        "ts/triple-slash-reference": "off",
        "ts/unified-signatures": "off",
      },
    },
    {
      "files": [
        "**/__tests__/**/*.?([cm])[jt]s?(x)",
        "**/*.spec.?([cm])[jt]s?(x)",
        "**/*.test.?([cm])[jt]s?(x)",
        "**/*.bench.?([cm])[jt]s?(x)",
        "**/*.benchmark.?([cm])[jt]s?(x)",
      ],
      "rules": {
        "antfu/no-top-level-await": "off",
        "no-unused-expressions": "off",
        "node/prefer-global/process": "off",
        "test/consistent-test-it": [
          "error",
          {
            "fn": "it",
            "withinDescribe": "it",
          },
        ],
        "test/no-identical-title": "error",
        "test/no-import-node-test": "error",
        "test/no-only-tests": "error",
        "test/prefer-hooks-in-order": "error",
        "test/prefer-lowercase-title": "error",
        "ts/explicit-function-return-type": "off",
      },
    },
    {
      "files": [
        "**/*.vue",
      ],
      "rules": {
        "antfu/no-top-level-await": "off",
        "node/prefer-global/process": "off",
        "ts/explicit-function-return-type": "off",
        "vue/array-bracket-spacing": [
          "error",
          "never",
        ],
        "vue/arrow-spacing": [
          "error",
          {
            "after": true,
            "before": true,
          },
        ],
        "vue/attribute-hyphenation": "warn",
        "vue/attributes-order": "warn",
        "vue/block-order": [
          "error",
          {
            "order": [
              "script",
              "template",
              "style",
            ],
          },
        ],
        "vue/block-spacing": [
          "error",
          "always",
        ],
        "vue/block-tag-newline": [
          "error",
          {
            "multiline": "always",
            "singleline": "always",
          },
        ],
        "vue/brace-style": [
          "error",
          "stroustrup",
          {
            "allowSingleLine": true,
          },
        ],
        "vue/comma-dangle": [
          "error",
          "always-multiline",
        ],
        "vue/comma-spacing": [
          "error",
          {
            "after": true,
            "before": false,
          },
        ],
        "vue/comma-style": [
          "error",
          "last",
        ],
        "vue/comment-directive": "error",
        "vue/component-definition-name-casing": "warn",
        "vue/component-name-in-template-casing": [
          "error",
          "PascalCase",
        ],
        "vue/component-options-name-casing": [
          "error",
          "PascalCase",
        ],
        "vue/component-tags-order": "off",
        "vue/custom-event-name-casing": [
          "error",
          "camelCase",
        ],
        "vue/define-macros-order": [
          "error",
          {
            "order": [
              "defineOptions",
              "defineProps",
              "defineEmits",
              "defineSlots",
            ],
          },
        ],
        "vue/dot-location": [
          "error",
          "property",
        ],
        "vue/dot-notation": [
          "error",
          {
            "allowKeywords": true,
          },
        ],
        "vue/eqeqeq": [
          "error",
          "smart",
        ],
        "vue/first-attribute-linebreak": "warn",
        "vue/html-closing-bracket-newline": "warn",
        "vue/html-closing-bracket-spacing": "warn",
        "vue/html-comment-content-spacing": [
          "error",
          "always",
          {
            "exceptions": [
              "-",
            ],
          },
        ],
        "vue/html-end-tags": "warn",
        "vue/html-indent": [
          "error",
          2,
        ],
        "vue/html-quotes": [
          "error",
          "double",
        ],
        "vue/html-self-closing": "warn",
        "vue/jsx-uses-vars": "error",
        "vue/key-spacing": [
          "error",
          {
            "afterColon": true,
            "beforeColon": false,
          },
        ],
        "vue/keyword-spacing": [
          "error",
          {
            "after": true,
            "before": true,
          },
        ],
        "vue/max-attributes-per-line": "off",
        "vue/multi-word-component-names": "off",
        "vue/multiline-html-element-content-newline": "warn",
        "vue/mustache-interpolation-spacing": "warn",
        "vue/no-arrow-functions-in-watch": "error",
        "vue/no-async-in-computed-properties": "error",
        "vue/no-child-content": "error",
        "vue/no-computed-properties-in-data": "error",
        "vue/no-deprecated-data-object-declaration": "error",
        "vue/no-deprecated-destroyed-lifecycle": "error",
        "vue/no-deprecated-dollar-listeners-api": "error",
        "vue/no-deprecated-dollar-scopedslots-api": "error",
        "vue/no-deprecated-events-api": "error",
        "vue/no-deprecated-filter": "error",
        "vue/no-deprecated-functional-template": "error",
        "vue/no-deprecated-html-element-is": "error",
        "vue/no-deprecated-inline-template": "error",
        "vue/no-deprecated-props-default-this": "error",
        "vue/no-deprecated-router-link-tag-prop": "error",
        "vue/no-deprecated-scope-attribute": "error",
        "vue/no-deprecated-slot-attribute": "error",
        "vue/no-deprecated-slot-scope-attribute": "error",
        "vue/no-deprecated-v-bind-sync": "error",
        "vue/no-deprecated-v-is": "error",
        "vue/no-deprecated-v-on-native-modifier": "error",
        "vue/no-deprecated-v-on-number-modifiers": "error",
        "vue/no-deprecated-vue-config-keycodes": "error",
        "vue/no-dupe-keys": "off",
        "vue/no-dupe-v-else-if": "error",
        "vue/no-duplicate-attributes": "error",
        "vue/no-empty-pattern": "error",
        "vue/no-export-in-script-setup": "error",
        "vue/no-expose-after-await": "error",
        "vue/no-irregular-whitespace": "error",
        "vue/no-lifecycle-after-await": "error",
        "vue/no-lone-template": "warn",
        "vue/no-loss-of-precision": "error",
        "vue/no-multi-spaces": "warn",
        "vue/no-multiple-slot-args": "warn",
        "vue/no-mutating-props": "error",
        "vue/no-parsing-error": "error",
        "vue/no-ref-as-operand": "error",
        "vue/no-reserved-component-names": "error",
        "vue/no-reserved-keys": "error",
        "vue/no-reserved-props": "error",
        "vue/no-restricted-syntax": [
          "error",
          "DebuggerStatement",
          "LabeledStatement",
          "WithStatement",
        ],
        "vue/no-restricted-v-bind": [
          "error",
          "/^v-/",
        ],
        "vue/no-setup-props-reactivity-loss": "off",
        "vue/no-shared-component-data": "error",
        "vue/no-side-effects-in-computed-properties": "error",
        "vue/no-spaces-around-equal-signs-in-attribute": "warn",
        "vue/no-sparse-arrays": "error",
        "vue/no-template-key": "error",
        "vue/no-template-shadow": "warn",
        "vue/no-textarea-mustache": "error",
        "vue/no-unused-components": "error",
        "vue/no-unused-refs": "error",
        "vue/no-unused-vars": "error",
        "vue/no-use-computed-property-like-method": "error",
        "vue/no-use-v-if-with-v-for": "error",
        "vue/no-useless-template-attributes": "error",
        "vue/no-useless-v-bind": "error",
        "vue/no-v-for-template-key-on-child": "error",
        "vue/no-v-html": "off",
        "vue/no-v-text-v-html-on-component": "error",
        "vue/no-watch-after-await": "error",
        "vue/object-curly-newline": "off",
        "vue/object-curly-spacing": [
          "error",
          "always",
        ],
        "vue/object-property-newline": [
          "error",
          {
            "allowMultiplePropertiesPerLine": true,
          },
        ],
        "vue/object-shorthand": [
          "error",
          "always",
          {
            "avoidQuotes": true,
            "ignoreConstructors": false,
          },
        ],
        "vue/one-component-per-file": "warn",
        "vue/operator-linebreak": [
          "error",
          "before",
        ],
        "vue/order-in-components": "warn",
        "vue/padding-line-between-blocks": [
          "error",
          "always",
        ],
        "vue/prefer-import-from-vue": "error",
        "vue/prefer-separate-static-class": "error",
        "vue/prefer-template": "error",
        "vue/prop-name-casing": [
          "error",
          "camelCase",
        ],
        "vue/quote-props": [
          "error",
          "consistent-as-needed",
        ],
        "vue/require-component-is": "error",
        "vue/require-default-prop": "off",
        "vue/require-explicit-emits": "warn",
        "vue/require-prop-type-constructor": "error",
        "vue/require-prop-types": "off",
        "vue/require-render-return": "error",
        "vue/require-slots-as-functions": "error",
        "vue/require-toggle-inside-transition": "error",
        "vue/require-v-for-key": "error",
        "vue/require-valid-default-prop": "error",
        "vue/return-in-computed-property": "error",
        "vue/return-in-emits-validator": "error",
        "vue/singleline-html-element-content-newline": "warn",
        "vue/space-in-parens": [
          "error",
          "never",
        ],
        "vue/space-infix-ops": "error",
        "vue/space-unary-ops": [
          "error",
          {
            "nonwords": false,
            "words": true,
          },
        ],
        "vue/template-curly-spacing": "error",
        "vue/this-in-template": "warn",
        "vue/use-v-on-exact": "error",
        "vue/v-bind-style": "warn",
        "vue/v-on-event-hyphenation": [
          "warn",
          "always",
          {
            "autofix": true,
          },
        ],
        "vue/v-on-style": "warn",
        "vue/v-slot-style": "warn",
        "vue/valid-attribute-name": "error",
        "vue/valid-define-emits": "error",
        "vue/valid-define-props": "error",
        "vue/valid-next-tick": "error",
        "vue/valid-template-root": "error",
        "vue/valid-v-bind": "error",
        "vue/valid-v-cloak": "error",
        "vue/valid-v-else": "error",
        "vue/valid-v-else-if": "error",
        "vue/valid-v-for": "error",
        "vue/valid-v-html": "error",
        "vue/valid-v-if": "error",
        "vue/valid-v-is": "error",
        "vue/valid-v-memo": "error",
        "vue/valid-v-model": "error",
        "vue/valid-v-on": "error",
        "vue/valid-v-once": "error",
        "vue/valid-v-pre": "error",
        "vue/valid-v-show": "error",
        "vue/valid-v-slot": "error",
        "vue/valid-v-text": "error",
      },
    },
    {
      "files": [
        "**/*.toml",
      ],
      "rules": {
        "style/spaced-comment": "off",
        "toml/array-bracket-newline": "error",
        "toml/array-bracket-spacing": "error",
        "toml/array-element-newline": "error",
        "toml/comma-style": "error",
        "toml/indent": [
          "error",
          2,
        ],
        "toml/inline-table-curly-spacing": "error",
        "toml/key-spacing": "error",
        "toml/keys-order": "error",
        "toml/no-space-dots": "error",
        "toml/no-unreadable-number-separator": "error",
        "toml/padding-line-between-pairs": "error",
        "toml/padding-line-between-tables": "error",
        "toml/precision-of-fractional-seconds": "error",
        "toml/precision-of-integer": "error",
        "toml/quoted-keys": "error",
        "toml/spaced-comment": "error",
        "toml/table-bracket-spacing": "error",
        "toml/tables-order": "error",
        "toml/vue-custom-block/no-parsing-error": "error",
      },
    },
    {
      "files": [
        "**/*.md",
      ],
    },
    {
      "files": [
        "**/*.md",
      ],
    },
    {
      "files": [
        "**/*.md/**/*.?([cm])[jt]s?(x)",
        "**/*.md/**/*.vue",
      ],
      "rules": {
        "antfu/no-top-level-await": "off",
        "import/newline-after-import": "off",
        "no-alert": "off",
        "no-console": "off",
        "no-labels": "off",
        "no-lone-blocks": "off",
        "no-restricted-syntax": "off",
        "no-undef": "off",
        "no-unused-expressions": "off",
        "no-unused-labels": "off",
        "no-unused-vars": "off",
        "node/prefer-global/process": "off",
        "style/comma-dangle": "off",
        "style/eol-last": "off",
        "ts/consistent-type-imports": "off",
        "ts/explicit-function-return-type": "off",
        "ts/no-namespace": "off",
        "ts/no-redeclare": "off",
        "ts/no-require-imports": "off",
        "ts/no-unused-expressions": "off",
        "ts/no-unused-vars": "off",
        "ts/no-use-before-define": "off",
        "unicode-bom": "off",
        "unused-imports/no-unused-imports": "off",
        "unused-imports/no-unused-vars": "off",
      },
    },
    {
      "files": [
        "**/scripts/**/*.?([cm])[jt]s?(x)",
      ],
      "rules": {
        "antfu/no-top-level-await": "off",
        "no-console": "off",
        "ts/explicit-function-return-type": "off",
      },
    },
    {
      "files": [
        "**/cli/**/*.?([cm])[jt]s?(x)",
        "**/cli.?([cm])[jt]s?(x)",
      ],
      "rules": {
        "antfu/no-top-level-await": "off",
        "no-console": "off",
      },
    },
    {
      "files": [
        "**/bin/**/*",
        "**/bin.?([cm])[jt]s?(x)",
      ],
      "rules": {
        "antfu/no-import-dist": "off",
        "antfu/no-import-node-modules-by-path": "off",
      },
    },
    {
      "files": [
        "**/*.d.?([cm])ts",
      ],
      "rules": {
        "eslint-comments/no-unlimited-disable": "off",
        "import/no-duplicates": "off",
        "no-restricted-syntax": "off",
        "unused-imports/no-unused-vars": "off",
      },
    },
    {
      "files": [
        "**/*.js",
        "**/*.cjs",
      ],
      "rules": {
        "ts/no-require-imports": "off",
      },
    },
    {
      "files": [
        "**/*.config.?([cm])[jt]s?(x)",
        "**/*.config.*.?([cm])[jt]s?(x)",
      ],
      "rules": {
        "antfu/no-top-level-await": "off",
        "no-console": "off",
        "ts/explicit-function-return-type": "off",
      },
    },
  ],
  "rules": {
    "accessor-pairs": [
      "error",
      {
        "enforceForClassMembers": true,
        "setWithoutGet": true,
      },
    ],
    "antfu/consistent-chaining": "error",
    "antfu/consistent-list-newline": "error",
    "antfu/curly": "error",
    "antfu/if-newline": "error",
    "antfu/import-dedupe": "error",
    "antfu/no-import-dist": "error",
    "antfu/no-import-node-modules-by-path": "error",
    "antfu/no-top-level-await": "error",
    "antfu/top-level-function": "error",
    "array-callback-return": "error",
    "block-scoped-var": "error",
    "command/command": "error",
    "constructor-super": "error",
    "curly": [
      "error",
      "all",
    ],
    "default-case-last": "error",
    "dot-notation": [
      "error",
      {
        "allowKeywords": true,
      },
    ],
    "eqeqeq": [
      "error",
      "smart",
    ],
    "eslint-comments/no-aggregating-enable": "error",
    "eslint-comments/no-duplicate-disable": "error",
    "eslint-comments/no-unlimited-disable": "error",
    "eslint-comments/no-unused-enable": "error",
    "import/consistent-type-specifier-style": [
      "error",
      "prefer-top-level",
    ],
    "import/first": "error",
    "import/newline-after-import": [
      "error",
      {
        "count": 1,
      },
    ],
    "import/no-duplicates": "error",
    "import/no-mutable-exports": "error",
    "import/no-named-default": "error",
    "import/no-self-import": "error",
    "import/no-webpack-loader-syntax": "error",
    "jsdoc/check-access": "warn",
    "jsdoc/check-alignment": "warn",
    "jsdoc/check-param-names": "warn",
    "jsdoc/check-property-names": "warn",
    "jsdoc/check-types": "warn",
    "jsdoc/empty-tags": "warn",
    "jsdoc/implements-on-classes": "warn",
    "jsdoc/multiline-blocks": "warn",
    "jsdoc/no-defaults": "warn",
    "jsdoc/no-multi-asterisks": "warn",
    "jsdoc/require-param-name": "warn",
    "jsdoc/require-property": "warn",
    "jsdoc/require-property-description": "warn",
    "jsdoc/require-property-name": "warn",
    "jsdoc/require-returns-check": "warn",
    "jsdoc/require-returns-description": "warn",
    "jsdoc/require-yields-check": "warn",
    "new-cap": [
      "error",
      {
        "capIsNew": false,
        "newIsCap": true,
        "properties": true,
      },
    ],
    "no-alert": "error",
    "no-array-constructor": "error",
    "no-async-promise-executor": "error",
    "no-caller": "error",
    "no-case-declarations": "error",
    "no-class-assign": "error",
    "no-compare-neg-zero": "error",
    "no-cond-assign": [
      "error",
      "always",
    ],
    "no-console": "off",
    "no-const-assign": "error",
    "no-control-regex": "error",
    "no-debugger": "error",
    "no-delete-var": "error",
    "no-dupe-args": "error",
    "no-dupe-class-members": "error",
    "no-dupe-keys": "error",
    "no-duplicate-case": "error",
    "no-empty": [
      "error",
      {
        "allowEmptyCatch": true,
      },
    ],
    "no-empty-character-class": "off",
    "no-empty-pattern": "error",
    "no-eval": "error",
    "no-ex-assign": "error",
    "no-extend-native": "error",
    "no-extra-bind": "error",
    "no-extra-boolean-cast": "error",
    "no-fallthrough": "error",
    "no-func-assign": "error",
    "no-global-assign": "error",
    "no-implied-eval": "error",
    "no-import-assign": "error",
    "no-invalid-regexp": "off",
    "no-irregular-whitespace": "error",
    "no-iterator": "error",
    "no-labels": [
      "error",
      {
        "allowLoop": false,
        "allowSwitch": false,
      },
    ],
    "no-lone-blocks": "error",
    "no-loss-of-precision": "error",
    "no-misleading-character-class": "error",
    "no-multi-str": "error",
    "no-new": "error",
    "no-new-func": "error",
    "no-new-native-nonconstructor": "error",
    "no-new-wrappers": "error",
    "no-obj-calls": "error",
    "no-octal": "error",
    "no-octal-escape": "error",
    "no-proto": "error",
    "no-prototype-builtins": "error",
    "no-redeclare": [
      "error",
      {
        "builtinGlobals": false,
      },
    ],
    "no-regex-spaces": "error",
    "no-restricted-globals": [
      "error",
      {
        "message": "Use \`globalThis\` instead.",
        "name": "global",
      },
      {
        "message": "Use \`globalThis\` instead.",
        "name": "self",
      },
    ],
    "no-restricted-properties": [
      "error",
      {
        "message": "Use \`Object.getPrototypeOf\` or \`Object.setPrototypeOf\` instead.",
        "property": "__proto__",
      },
      {
        "message": "Use \`Object.defineProperty\` instead.",
        "property": "__defineGetter__",
      },
      {
        "message": "Use \`Object.defineProperty\` instead.",
        "property": "__defineSetter__",
      },
      {
        "message": "Use \`Object.getOwnPropertyDescriptor\` instead.",
        "property": "__lookupGetter__",
      },
      {
        "message": "Use \`Object.getOwnPropertyDescriptor\` instead.",
        "property": "__lookupSetter__",
      },
    ],
    "no-restricted-syntax": [
      "error",
      "TSEnumDeclaration[const=true]",
      "TSExportAssignment",
    ],
    "no-self-assign": [
      "error",
      {
        "props": true,
      },
    ],
    "no-self-compare": "error",
    "no-sequences": "error",
    "no-shadow-restricted-names": "error",
    "no-sparse-arrays": "error",
    "no-template-curly-in-string": "error",
    "no-this-before-super": "error",
    "no-throw-literal": "error",
    "no-undef": "error",
    "no-undef-init": "error",
    "no-unexpected-multiline": "error",
    "no-unmodified-loop-condition": "error",
    "no-unneeded-ternary": [
      "error",
      {
        "defaultAssignment": false,
      },
    ],
    "no-unreachable": "error",
    "no-unreachable-loop": "error",
    "no-unsafe-finally": "error",
    "no-unsafe-negation": "error",
    "no-unused-expressions": [
      "error",
      {
        "allowShortCircuit": true,
        "allowTaggedTemplates": true,
        "allowTernary": true,
      },
    ],
    "no-unused-vars": [
      "error",
      {
        "args": "none",
        "caughtErrors": "none",
        "ignoreRestSiblings": true,
        "vars": "all",
      },
    ],
    "no-use-before-define": [
      "error",
      {
        "classes": false,
        "functions": false,
        "variables": true,
      },
    ],
    "no-useless-backreference": "off",
    "no-useless-call": "error",
    "no-useless-catch": "error",
    "no-useless-computed-key": "error",
    "no-useless-constructor": "error",
    "no-useless-rename": "error",
    "no-useless-return": "error",
    "no-var": "error",
    "no-with": "error",
    "node/handle-callback-err": [
      "error",
      "^(err|error)$",
    ],
    "node/no-deprecated-api": "error",
    "node/no-exports-assign": "error",
    "node/no-new-require": "error",
    "node/no-path-concat": "error",
    "node/prefer-global/buffer": [
      "error",
      "never",
    ],
    "node/prefer-global/process": [
      "error",
      "always",
    ],
    "node/process-exit-as-throw": "error",
    "object-shorthand": [
      "error",
      "always",
      {
        "avoidQuotes": true,
        "ignoreConstructors": false,
      },
    ],
    "one-var": [
      "error",
      {
        "initialized": "never",
      },
    ],
    "perfectionist/sort-exports": [
      "error",
      {
        "order": "asc",
        "type": "natural",
      },
    ],
    "perfectionist/sort-imports": [
      "error",
      {
        "groups": [
          "type",
          [
            "parent-type",
            "sibling-type",
            "index-type",
            "internal-type",
          ],
          "builtin",
          "external",
          "internal",
          [
            "parent",
            "sibling",
            "index",
          ],
          "side-effect",
          "object",
          "unknown",
        ],
        "newlinesBetween": "ignore",
        "order": "asc",
        "type": "natural",
      },
    ],
    "perfectionist/sort-named-exports": [
      "error",
      {
        "order": "asc",
        "type": "natural",
      },
    ],
    "perfectionist/sort-named-imports": [
      "error",
      {
        "order": "asc",
        "type": "natural",
      },
    ],
    "prefer-arrow-callback": [
      "error",
      {
        "allowNamedFunctions": false,
        "allowUnboundThis": true,
      },
    ],
    "prefer-const": [
      "error",
      {
        "destructuring": "all",
        "ignoreReadBeforeAssign": true,
      },
    ],
    "prefer-exponentiation-operator": "error",
    "prefer-promise-reject-errors": "error",
    "prefer-regex-literals": "error",
    "prefer-rest-params": "error",
    "prefer-spread": "error",
    "prefer-template": "error",
    "regexp/confusing-quantifier": "warn",
    "regexp/control-character-escape": "error",
    "regexp/match-any": "error",
    "regexp/negation": "error",
    "regexp/no-contradiction-with-assertion": "error",
    "regexp/no-dupe-characters-character-class": "error",
    "regexp/no-dupe-disjunctions": "error",
    "regexp/no-empty-alternative": "warn",
    "regexp/no-empty-capturing-group": "error",
    "regexp/no-empty-character-class": "error",
    "regexp/no-empty-group": "error",
    "regexp/no-empty-lookarounds-assertion": "error",
    "regexp/no-empty-string-literal": "error",
    "regexp/no-escape-backspace": "error",
    "regexp/no-extra-lookaround-assertions": "error",
    "regexp/no-invalid-regexp": "error",
    "regexp/no-invisible-character": "error",
    "regexp/no-lazy-ends": "warn",
    "regexp/no-legacy-features": "error",
    "regexp/no-misleading-capturing-group": "error",
    "regexp/no-misleading-unicode-character": "error",
    "regexp/no-missing-g-flag": "error",
    "regexp/no-non-standard-flag": "error",
    "regexp/no-obscure-range": "error",
    "regexp/no-optional-assertion": "error",
    "regexp/no-potentially-useless-backreference": "warn",
    "regexp/no-super-linear-backtracking": "error",
    "regexp/no-trivially-nested-assertion": "error",
    "regexp/no-trivially-nested-quantifier": "error",
    "regexp/no-unused-capturing-group": "error",
    "regexp/no-useless-assertions": "error",
    "regexp/no-useless-backreference": "error",
    "regexp/no-useless-character-class": "error",
    "regexp/no-useless-dollar-replacements": "error",
    "regexp/no-useless-escape": "error",
    "regexp/no-useless-flag": "warn",
    "regexp/no-useless-lazy": "error",
    "regexp/no-useless-non-capturing-group": "error",
    "regexp/no-useless-quantifier": "error",
    "regexp/no-useless-range": "error",
    "regexp/no-useless-set-operand": "error",
    "regexp/no-useless-string-literal": "error",
    "regexp/no-useless-two-nums-quantifier": "error",
    "regexp/no-zero-quantifier": "error",
    "regexp/optimal-lookaround-quantifier": "warn",
    "regexp/optimal-quantifier-concatenation": "error",
    "regexp/prefer-character-class": "error",
    "regexp/prefer-d": "error",
    "regexp/prefer-plus-quantifier": "error",
    "regexp/prefer-predefined-assertion": "error",
    "regexp/prefer-question-quantifier": "error",
    "regexp/prefer-range": "error",
    "regexp/prefer-set-operation": "error",
    "regexp/prefer-star-quantifier": "error",
    "regexp/prefer-unicode-codepoint-escapes": "error",
    "regexp/prefer-w": "error",
    "regexp/simplify-set-operations": "error",
    "regexp/sort-flags": "error",
    "regexp/strict": "error",
    "regexp/use-ignore-case": "error",
    "style/array-bracket-spacing": [
      "error",
      "never",
    ],
    "style/arrow-parens": [
      "error",
      "as-needed",
      {
        "requireForBlockBody": true,
      },
    ],
    "style/arrow-spacing": [
      "error",
      {
        "after": true,
        "before": true,
      },
    ],
    "style/block-spacing": [
      "error",
      "always",
    ],
    "style/brace-style": [
      "error",
      "stroustrup",
      {
        "allowSingleLine": true,
      },
    ],
    "style/comma-dangle": "off",
    "style/comma-spacing": [
      "error",
      {
        "after": true,
        "before": false,
      },
    ],
    "style/comma-style": [
      "error",
      "last",
    ],
    "style/computed-property-spacing": [
      "error",
      "never",
      {
        "enforceForClassMembers": true,
      },
    ],
    "style/dot-location": [
      "error",
      "property",
    ],
    "style/eol-last": "error",
    "style/indent": [
      "error",
      2,
      {
        "ArrayExpression": 1,
        "CallExpression": {
          "arguments": 1,
        },
        "FunctionDeclaration": {
          "body": 1,
          "parameters": 1,
        },
        "FunctionExpression": {
          "body": 1,
          "parameters": 1,
        },
        "ImportDeclaration": 1,
        "MemberExpression": 1,
        "ObjectExpression": 1,
        "SwitchCase": 1,
        "VariableDeclarator": 1,
        "flatTernaryExpressions": false,
        "ignoreComments": false,
        "ignoredNodes": [
          "TSUnionType",
          "TSIntersectionType",
          "TSTypeParameterInstantiation",
          "FunctionExpression > .params[decorators.length > 0]",
          "FunctionExpression > .params > :matches(Decorator, :not(:first-child))",
        ],
        "offsetTernaryExpressions": true,
        "outerIIFEBody": 1,
        "tabLength": 2,
      },
    ],
    "style/indent-binary-ops": [
      "error",
      2,
    ],
    "style/jsx-closing-bracket-location": "error",
    "style/jsx-closing-tag-location": "error",
    "style/jsx-curly-brace-presence": [
      "error",
      {
        "propElementValues": "always",
      },
    ],
    "style/jsx-curly-newline": "error",
    "style/jsx-curly-spacing": [
      "error",
      "never",
    ],
    "style/jsx-equals-spacing": "error",
    "style/jsx-first-prop-new-line": "error",
    "style/jsx-function-call-newline": [
      "error",
      "multiline",
    ],
    "style/jsx-indent-props": [
      "error",
      2,
    ],
    "style/jsx-max-props-per-line": [
      "error",
      {
        "maximum": 1,
        "when": "multiline",
      },
    ],
    "style/jsx-one-expression-per-line": [
      "error",
      {
        "allow": "single-child",
      },
    ],
    "style/jsx-quotes": "error",
    "style/jsx-tag-spacing": [
      "error",
      {
        "afterOpening": "never",
        "beforeClosing": "never",
        "beforeSelfClosing": "always",
        "closingSlash": "never",
      },
    ],
    "style/jsx-wrap-multilines": [
      "error",
      {
        "arrow": "parens-new-line",
        "assignment": "parens-new-line",
        "condition": "parens-new-line",
        "declaration": "parens-new-line",
        "logical": "parens-new-line",
        "prop": "parens-new-line",
        "propertyValue": "parens-new-line",
        "return": "parens-new-line",
      },
    ],
    "style/key-spacing": [
      "error",
      {
        "afterColon": true,
        "beforeColon": false,
      },
    ],
    "style/keyword-spacing": [
      "error",
      {
        "after": true,
        "before": true,
      },
    ],
    "style/lines-between-class-members": [
      "error",
      "always",
      {
        "exceptAfterSingleLine": true,
      },
    ],
    "style/max-statements-per-line": [
      "error",
      {
        "max": 1,
      },
    ],
    "style/member-delimiter-style": [
      "error",
      {
        "multiline": {
          "delimiter": "none",
          "requireLast": false,
        },
        "multilineDetection": "brackets",
        "overrides": {
          "interface": {
            "multiline": {
              "delimiter": "none",
              "requireLast": false,
            },
          },
        },
        "singleline": {
          "delimiter": "comma",
        },
      },
    ],
    "style/multiline-ternary": [
      "error",
      "always-multiline",
    ],
    "style/new-parens": "error",
    "style/no-extra-parens": [
      "error",
      "functions",
    ],
    "style/no-floating-decimal": "error",
    "style/no-mixed-operators": [
      "error",
      {
        "allowSamePrecedence": true,
        "groups": [
          [
            "==",
            "!=",
            "===",
            "!==",
            ">",
            ">=",
            "<",
            "<=",
          ],
          [
            "&&",
            "||",
          ],
          [
            "in",
            "instanceof",
          ],
        ],
      },
    ],
    "style/no-mixed-spaces-and-tabs": "error",
    "style/no-multi-spaces": "error",
    "style/no-multiple-empty-lines": [
      "error",
      {
        "max": 1,
        "maxBOF": 0,
        "maxEOF": 0,
      },
    ],
    "style/no-tabs": "error",
    "style/no-trailing-spaces": "error",
    "style/no-whitespace-before-property": "error",
    "style/object-curly-spacing": [
      "error",
      "always",
    ],
    "style/operator-linebreak": [
      "error",
      "before",
    ],
    "style/padded-blocks": [
      "error",
      {
        "blocks": "never",
        "classes": "never",
        "switches": "never",
      },
    ],
    "style/quote-props": [
      "error",
      "consistent-as-needed",
    ],
    "style/quotes": [
      "error",
      "single",
      {
        "allowTemplateLiterals": true,
        "avoidEscape": false,
      },
    ],
    "style/rest-spread-spacing": [
      "error",
      "never",
    ],
    "style/semi": [
      "error",
      "never",
    ],
    "style/semi-spacing": [
      "error",
      {
        "after": true,
        "before": false,
      },
    ],
    "style/space-before-blocks": [
      "error",
      "always",
    ],
    "style/space-before-function-paren": [
      "error",
      {
        "anonymous": "always",
        "asyncArrow": "always",
        "named": "never",
      },
    ],
    "style/space-in-parens": [
      "error",
      "never",
    ],
    "style/space-infix-ops": "error",
    "style/space-unary-ops": [
      "error",
      {
        "nonwords": false,
        "words": true,
      },
    ],
    "style/spaced-comment": [
      "error",
      "always",
      {
        "block": {
          "balanced": true,
          "exceptions": [
            "*",
          ],
          "markers": [
            "!",
          ],
        },
        "line": {
          "exceptions": [
            "/",
            "#",
          ],
          "markers": [
            "/",
          ],
        },
      },
    ],
    "style/template-curly-spacing": "error",
    "style/template-tag-spacing": [
      "error",
      "never",
    ],
    "style/type-annotation-spacing": [
      "error",
      {},
    ],
    "style/type-generic-spacing": "error",
    "style/type-named-tuple-spacing": "error",
    "style/wrap-iife": [
      "error",
      "any",
      {
        "functionPrototypeMethods": true,
      },
    ],
    "style/yield-star-spacing": [
      "error",
      "both",
    ],
    "symbol-description": "error",
    "unicode-bom": [
      "error",
      "never",
    ],
    "unicorn/consistent-empty-array-spread": "error",
    "unicorn/error-message": "error",
    "unicorn/escape-case": "error",
    "unicorn/new-for-builtins": "error",
    "unicorn/no-instanceof-array": "error",
    "unicorn/no-new-array": "error",
    "unicorn/no-new-buffer": "error",
    "unicorn/number-literal-case": "error",
    "unicorn/prefer-dom-node-text-content": "error",
    "unicorn/prefer-includes": "error",
    "unicorn/prefer-node-protocol": "error",
    "unicorn/prefer-number-properties": "error",
    "unicorn/prefer-string-starts-ends-with": "error",
    "unicorn/prefer-type-error": "error",
    "unicorn/throw-new-error": "error",
    "unused-imports/no-unused-imports": "error",
    "unused-imports/no-unused-vars": [
      "error",
      {
        "args": "after-used",
        "argsIgnorePattern": "^_",
        "ignoreRestSiblings": true,
        "vars": "all",
        "varsIgnorePattern": "^_",
      },
    ],
    "use-isnan": [
      "error",
      {
        "enforceForIndexOf": true,
        "enforceForSwitchCase": true,
      },
    ],
    "valid-typeof": [
      "error",
      {
        "requireStringLiterals": true,
      },
    ],
    "vars-on-top": "error",
    "yoda": [
      "error",
      "never",
    ],
  },
}
`;

exports[`integration tests with github repositories > typescript > typescript 1`] = `
{
  "env": {
    "builtin": true,
    "commonjs": true,
    "node": true,
    "nodeBuiltin": true,
    "shared-node-browser": true,
  },
  "globals": {},
  "ignorePatterns": [
    "**/node_modules/**",
    "built/**",
    "tests/**",
    "lib/**",
    "src/lib/*.generated.d.ts",
    "scripts/**/*.js",
    "scripts/**/*.d.*",
    "internal/**",
    "coverage/**",
  ],
  "overrides": [
    {
      "files": [
        "**/*.{ts,tsx,cts,mts,js,cjs,mjs}",
      ],
    },
    {
      "files": [
        "**/*.ts",
        "**/*.tsx",
        "**/*.mts",
        "**/*.cts",
      ],
      "rules": {
        "constructor-super": "off",
        "getter-return": "off",
        "no-class-assign": "off",
        "no-const-assign": "off",
        "no-dupe-args": "off",
        "no-dupe-class-members": "off",
        "no-dupe-keys": "off",
        "no-func-assign": "off",
        "no-import-assign": "off",
        "no-new-native-nonconstructor": "off",
        "no-new-symbol": "off",
        "no-obj-calls": "off",
        "no-redeclare": "off",
        "no-setter-return": "off",
        "no-this-before-super": "off",
        "no-undef": "off",
        "no-unreachable": "off",
        "no-unsafe-negation": "off",
        "no-var": "error",
        "prefer-const": "error",
        "prefer-rest-params": "error",
        "prefer-spread": "error",
      },
    },
    {
      "files": [
        "**/*.ts",
        "**/*.tsx",
        "**/*.mts",
        "**/*.cts",
      ],
      "rules": {
        "constructor-super": "off",
        "getter-return": "off",
        "no-class-assign": "off",
        "no-const-assign": "off",
        "no-dupe-args": "off",
        "no-dupe-class-members": "off",
        "no-dupe-keys": "off",
        "no-func-assign": "off",
        "no-import-assign": "off",
        "no-new-native-nonconstructor": "off",
        "no-new-symbol": "off",
        "no-obj-calls": "off",
        "no-redeclare": "off",
        "no-setter-return": "off",
        "no-this-before-super": "off",
        "no-undef": "off",
        "no-unreachable": "off",
        "no-unsafe-negation": "off",
        "no-var": "error",
        "prefer-const": "error",
        "prefer-rest-params": "error",
        "prefer-spread": "error",
      },
    },
    {
      "files": [
        "**/*.mjs",
        "**/*.mts",
      ],
      "rules": {
        "no-restricted-globals": [
          "error",
          {
            "name": "__filename",
          },
          {
            "name": "__dirname",
          },
          {
            "name": "require",
          },
          {
            "name": "module",
          },
          {
            "name": "exports",
          },
        ],
      },
    },
    {
      "files": [
        "src/**",
      ],
    },
    {
      "files": [
        "scripts/**",
      ],
    },
    {
      "files": [
        "src/**",
      ],
      "rules": {
        "@typescript-eslint/no-unnecessary-type-assertion": "error",
        "local/no-direct-import": "error",
        "no-restricted-globals": [
          "error",
          {
            "name": "setTimeout",
          },
          {
            "name": "clearTimeout",
          },
          {
            "name": "setInterval",
          },
          {
            "name": "clearInterval",
          },
          {
            "name": "setImmediate",
          },
          {
            "name": "clearImmediate",
          },
          {
            "name": "performance",
          },
        ],
      },
    },
    {
      "files": [
        "src/harness/**",
        "src/testRunner/**",
      ],
      "rules": {
        "local/no-direct-import": "off",
        "no-restricted-globals": "off",
        "regexp/no-super-linear-backtracking": "off",
      },
    },
    {
      "files": [
        "src/**/_namespaces/**",
      ],
      "rules": {
        "local/no-direct-import": "off",
      },
    },
    {
      "files": [
        "src/lib/*.d.ts",
      ],
      "rules": {
        "@typescript-eslint/await-thenable": "off",
        "@typescript-eslint/consistent-return": "off",
        "@typescript-eslint/consistent-type-exports": "off",
        "@typescript-eslint/dot-notation": "off",
        "@typescript-eslint/naming-convention": "off",
        "@typescript-eslint/no-array-delete": "off",
        "@typescript-eslint/no-base-to-string": "off",
        "@typescript-eslint/no-confusing-void-expression": "off",
        "@typescript-eslint/no-deprecated": "off",
        "@typescript-eslint/no-duplicate-type-constituents": "off",
        "@typescript-eslint/no-floating-promises": "off",
        "@typescript-eslint/no-for-in-array": "off",
        "@typescript-eslint/no-implied-eval": "off",
        "@typescript-eslint/no-meaningless-void-operator": "off",
        "@typescript-eslint/no-misused-promises": "off",
        "@typescript-eslint/no-misused-spread": "off",
        "@typescript-eslint/no-mixed-enums": "off",
        "@typescript-eslint/no-redundant-type-constituents": "off",
        "@typescript-eslint/no-unnecessary-boolean-literal-compare": "off",
        "@typescript-eslint/no-unnecessary-condition": "off",
        "@typescript-eslint/no-unnecessary-qualifier": "off",
        "@typescript-eslint/no-unnecessary-template-expression": "off",
        "@typescript-eslint/no-unnecessary-type-arguments": "off",
        "@typescript-eslint/no-unnecessary-type-assertion": "off",
        "@typescript-eslint/no-unnecessary-type-parameters": "off",
        "@typescript-eslint/no-unsafe-argument": "off",
        "@typescript-eslint/no-unsafe-assignment": "off",
        "@typescript-eslint/no-unsafe-call": "off",
        "@typescript-eslint/no-unsafe-enum-comparison": "off",
        "@typescript-eslint/no-unsafe-member-access": "off",
        "@typescript-eslint/no-unsafe-return": "off",
        "@typescript-eslint/no-unsafe-type-assertion": "off",
        "@typescript-eslint/no-unsafe-unary-minus": "off",
        "@typescript-eslint/non-nullable-type-assertion-style": "off",
        "@typescript-eslint/only-throw-error": "off",
        "@typescript-eslint/prefer-destructuring": "off",
        "@typescript-eslint/prefer-find": "off",
        "@typescript-eslint/prefer-includes": "off",
        "@typescript-eslint/prefer-nullish-coalescing": "off",
        "@typescript-eslint/prefer-optional-chain": "off",
        "@typescript-eslint/prefer-promise-reject-errors": "off",
        "@typescript-eslint/prefer-readonly": "off",
        "@typescript-eslint/prefer-readonly-parameter-types": "off",
        "@typescript-eslint/prefer-reduce-type-parameter": "off",
        "@typescript-eslint/prefer-regexp-exec": "off",
        "@typescript-eslint/prefer-return-this-type": "off",
        "@typescript-eslint/prefer-string-starts-ends-with": "off",
        "@typescript-eslint/promise-function-async": "off",
        "@typescript-eslint/related-getter-setter-pairs": "off",
        "@typescript-eslint/require-array-sort-compare": "off",
        "@typescript-eslint/require-await": "off",
        "@typescript-eslint/restrict-plus-operands": "off",
        "@typescript-eslint/restrict-template-expressions": "off",
        "@typescript-eslint/return-await": "off",
        "@typescript-eslint/strict-boolean-expressions": "off",
        "@typescript-eslint/switch-exhaustiveness-check": "off",
        "@typescript-eslint/unbound-method": "off",
        "@typescript-eslint/use-unknown-in-catch-callback-variable": "off",
      },
    },
    {
      "files": [
        "src/lib/*.d.ts",
      ],
      "globals": {},
      "rules": {
        "@typescript-eslint/interface-name-prefix": "off",
        "@typescript-eslint/no-unsafe-function-type": "off",
        "@typescript-eslint/no-unused-vars": "off",
        "@typescript-eslint/no-wrapper-object-types": "off",
        "@typescript-eslint/prefer-function-type": "off",
        "@typescript-eslint/unified-signatures": "off",
        "local/no-keywords": "off",
        "no-restricted-globals": "off",
        "no-restricted-syntax": "off",
        "no-shadow-restricted-names": "off",
        "no-var": "off",
      },
    },
    {
      "files": [
        "src/lib/es2019.array.d.ts",
      ],
      "rules": {
        "@typescript-eslint/array-type": "off",
      },
    },
  ],
  "rules": {
    "@typescript-eslint/adjacent-overload-signatures": "error",
    "@typescript-eslint/array-type": "error",
    "@typescript-eslint/ban-ts-comment": "off",
    "@typescript-eslint/ban-tslint-comment": "error",
    "@typescript-eslint/class-literal-property-style": "off",
    "@typescript-eslint/consistent-generic-constructors": "off",
    "@typescript-eslint/consistent-indexed-object-style": "off",
    "@typescript-eslint/consistent-type-assertions": "error",
    "@typescript-eslint/consistent-type-definitions": "error",
    "@typescript-eslint/naming-convention": [
      "error",
      {
        "filter": {
          "match": false,
          "regex": "^(__String|[A-Za-z]+_[A-Za-z]+)$",
        },
        "format": [
          "PascalCase",
        ],
        "selector": "typeLike",
      },
      {
        "custom": {
          "match": false,
          "regex": "^I[A-Z]",
        },
        "filter": {
          "match": false,
          "regex": "^I(Arguments|TextWriter|O([A-Z][a-z]+[A-Za-z]*)?)$",
        },
        "format": [
          "PascalCase",
        ],
        "selector": "interface",
      },
      {
        "filter": {
          "match": false,
          "regex": "^(_{1,2}filename|_{1,2}dirname|_+|[A-Za-z]+_[A-Za-z]+)$",
        },
        "format": [
          "camelCase",
          "PascalCase",
          "UPPER_CASE",
        ],
        "leadingUnderscore": "allow",
        "selector": "variable",
      },
      {
        "filter": {
          "match": false,
          "regex": "^[A-Za-z]+_[A-Za-z]+$",
        },
        "format": [
          "camelCase",
          "PascalCase",
        ],
        "leadingUnderscore": "allow",
        "selector": "function",
      },
      {
        "filter": {
          "match": false,
          "regex": "^(_+|[A-Za-z]+_[A-Z][a-z]+)$",
        },
        "format": [
          "camelCase",
        ],
        "leadingUnderscore": "allow",
        "selector": "parameter",
      },
      {
        "filter": {
          "match": false,
          "regex": "^([0-9]+|[A-Za-z]+_[A-Za-z]+)$",
        },
        "format": [
          "camelCase",
          "PascalCase",
        ],
        "leadingUnderscore": "allow",
        "selector": "method",
      },
      {
        "filter": {
          "match": false,
          "regex": "^([0-9]+|[A-Za-z]+_[A-Za-z]+)$",
        },
        "format": [
          "camelCase",
        ],
        "leadingUnderscore": "allow",
        "selector": "memberLike",
      },
      {
        "filter": {
          "match": false,
          "regex": "^[A-Za-z]+_[A-Za-z]+$",
        },
        "format": [
          "camelCase",
          "PascalCase",
        ],
        "leadingUnderscore": "allow",
        "selector": "enumMember",
      },
      {
        "format": null,
        "selector": "property",
      },
    ],
    "@typescript-eslint/no-array-constructor": "error",
    "@typescript-eslint/no-confusing-non-null-assertion": "error",
    "@typescript-eslint/no-duplicate-enum-values": "off",
    "@typescript-eslint/no-empty-function": "off",
    "@typescript-eslint/no-empty-interface": "off",
    "@typescript-eslint/no-empty-object-type": "off",
    "@typescript-eslint/no-explicit-any": "off",
    "@typescript-eslint/no-extra-non-null-assertion": "error",
    "@typescript-eslint/no-inferrable-types": "off",
    "@typescript-eslint/no-misused-new": "error",
    "@typescript-eslint/no-namespace": "off",
    "@typescript-eslint/no-non-null-asserted-optional-chain": "off",
    "@typescript-eslint/no-require-imports": "off",
    "@typescript-eslint/no-this-alias": "error",
    "@typescript-eslint/no-unnecessary-type-constraint": "error",
    "@typescript-eslint/no-unsafe-declaration-merging": "error",
    "@typescript-eslint/no-unsafe-function-type": "error",
    "@typescript-eslint/no-unused-expressions": [
      "error",
      {
        "allowTernary": true,
      },
    ],
    "@typescript-eslint/no-unused-vars": [
      "warn",
      {
        "argsIgnorePattern": "^(_+$|_[^_])",
        "varsIgnorePattern": "^(_+$|_[^_])",
      },
    ],
    "@typescript-eslint/no-var-requires": "off",
    "@typescript-eslint/no-wrapper-object-types": "error",
    "@typescript-eslint/prefer-as-const": "error",
    "@typescript-eslint/prefer-for-of": "error",
    "@typescript-eslint/prefer-function-type": "error",
    "@typescript-eslint/prefer-namespace-keyword": "error",
    "@typescript-eslint/prefer-optional-chain": "off",
    "@typescript-eslint/triple-slash-reference": "error",
    "@typescript-eslint/unified-signatures": "error",
    "constructor-super": "error",
    "dot-notation": "error",
    "eqeqeq": "error",
    "for-direction": "error",
    "getter-return": "error",
    "local/argument-trivia": "error",
    "local/debug-assert": "error",
    "local/js-extensions": "error",
    "local/jsdoc-format": "error",
    "local/no-array-mutating-method-expressions": "error",
    "local/no-in-operator": "error",
    "local/no-keywords": "error",
    "local/only-arrow-functions": [
      "error",
      {
        "allowDeclarations": true,
        "allowNamedFunctions": true,
      },
    ],
    "no-array-constructor": "off",
    "no-async-promise-executor": "error",
    "no-caller": "error",
    "no-case-declarations": "off",
    "no-class-assign": "error",
    "no-compare-neg-zero": "error",
    "no-cond-assign": "off",
    "no-const-assign": "error",
    "no-constant-binary-expression": "error",
    "no-constant-condition": [
      "error",
      {
        "checkLoops": false,
      },
    ],
    "no-control-regex": "off",
    "no-debugger": "error",
    "no-delete-var": "error",
    "no-dupe-args": "error",
    "no-dupe-class-members": "error",
    "no-dupe-else-if": "error",
    "no-dupe-keys": "error",
    "no-duplicate-case": "error",
    "no-empty": "error",
    "no-empty-character-class": "off",
    "no-empty-function": "off",
    "no-empty-pattern": "error",
    "no-empty-static-block": "error",
    "no-eval": "error",
    "no-ex-assign": "error",
    "no-extra-bind": "error",
    "no-extra-boolean-cast": "off",
    "no-fallthrough": "error",
    "no-func-assign": "error",
    "no-global-assign": "error",
    "no-import-assign": "error",
    "no-inner-declarations": "off",
    "no-invalid-regexp": "off",
    "no-irregular-whitespace": "error",
    "no-loss-of-precision": "error",
    "no-misleading-character-class": "error",
    "no-new-func": "error",
    "no-new-native-nonconstructor": "error",
    "no-new-wrappers": "error",
    "no-nonoctal-decimal-escape": "error",
    "no-obj-calls": "error",
    "no-octal": "error",
    "no-prototype-builtins": "error",
    "no-redeclare": "error",
    "no-regex-spaces": "error",
    "no-restricted-syntax": [
      "error",
      {
        "message": "Avoid using null; use undefined instead.",
        "selector": "Literal[raw=null]",
      },
      {
        "message": "Avoid using null; use undefined instead.",
        "selector": "TSNullKeyword",
      },
    ],
    "no-return-await": "error",
    "no-self-assign": "error",
    "no-setter-return": "error",
    "no-shadow-restricted-names": "error",
    "no-sparse-arrays": "error",
    "no-template-curly-in-string": "error",
    "no-this-before-super": "error",
    "no-throw-literal": "error",
    "no-undef": "error",
    "no-undef-init": "error",
    "no-unexpected-multiline": "error",
    "no-unreachable": "error",
    "no-unsafe-finally": "error",
    "no-unsafe-negation": "error",
    "no-unsafe-optional-chaining": "error",
    "no-unused-expressions": "off",
    "no-unused-labels": "error",
    "no-unused-private-class-members": "error",
    "no-unused-vars": "off",
    "no-useless-backreference": "off",
    "no-useless-catch": "error",
    "no-useless-escape": "error",
    "no-var": "error",
    "no-with": "error",
    "object-shorthand": "error",
    "prefer-const": "error",
    "prefer-object-spread": "error",
    "prefer-regex-literals": "error",
    "regexp/confusing-quantifier": "warn",
    "regexp/control-character-escape": "error",
    "regexp/match-any": "error",
    "regexp/negation": "error",
    "regexp/no-contradiction-with-assertion": "error",
    "regexp/no-dupe-characters-character-class": "error",
    "regexp/no-dupe-disjunctions": "error",
    "regexp/no-empty-alternative": "warn",
    "regexp/no-empty-capturing-group": "error",
    "regexp/no-empty-character-class": "error",
    "regexp/no-empty-group": "error",
    "regexp/no-empty-lookarounds-assertion": "error",
    "regexp/no-empty-string-literal": "error",
    "regexp/no-escape-backspace": "error",
    "regexp/no-extra-lookaround-assertions": "error",
    "regexp/no-invalid-regexp": "error",
    "regexp/no-invisible-character": "error",
    "regexp/no-lazy-ends": "warn",
    "regexp/no-legacy-features": "error",
    "regexp/no-misleading-capturing-group": "error",
    "regexp/no-misleading-unicode-character": "error",
    "regexp/no-missing-g-flag": "error",
    "regexp/no-non-standard-flag": "error",
    "regexp/no-obscure-range": "error",
    "regexp/no-optional-assertion": "error",
    "regexp/no-potentially-useless-backreference": "warn",
    "regexp/no-super-linear-backtracking": "error",
    "regexp/no-trivially-nested-assertion": "error",
    "regexp/no-trivially-nested-quantifier": "error",
    "regexp/no-unused-capturing-group": "error",
    "regexp/no-useless-assertions": "error",
    "regexp/no-useless-backreference": "error",
    "regexp/no-useless-character-class": "error",
    "regexp/no-useless-dollar-replacements": "error",
    "regexp/no-useless-escape": "error",
    "regexp/no-useless-flag": "warn",
    "regexp/no-useless-lazy": "error",
    "regexp/no-useless-non-capturing-group": "error",
    "regexp/no-useless-quantifier": "error",
    "regexp/no-useless-range": "error",
    "regexp/no-useless-set-operand": "error",
    "regexp/no-useless-string-literal": "error",
    "regexp/no-useless-two-nums-quantifier": "error",
    "regexp/no-zero-quantifier": "error",
    "regexp/optimal-lookaround-quantifier": "warn",
    "regexp/optimal-quantifier-concatenation": "error",
    "regexp/prefer-character-class": "error",
    "regexp/prefer-d": "error",
    "regexp/prefer-plus-quantifier": "error",
    "regexp/prefer-predefined-assertion": "error",
    "regexp/prefer-question-quantifier": "error",
    "regexp/prefer-range": "error",
    "regexp/prefer-set-operation": "error",
    "regexp/prefer-star-quantifier": "error",
    "regexp/prefer-unicode-codepoint-escapes": "error",
    "regexp/prefer-w": "error",
    "regexp/simplify-set-operations": "error",
    "regexp/sort-flags": "error",
    "regexp/strict": "error",
    "regexp/use-ignore-case": "error",
    "require-yield": "error",
    "unicode-bom": [
      "error",
      "never",
    ],
    "use-isnan": "error",
    "valid-typeof": "error",
  },
}
`;
